#-----------------------------------------------------------
# Vivado v2019.1 (64-bit)
# SW Build 2552052 on Fri May 24 14:49:42 MDT 2019
# IP Build 2548770 on Fri May 24 18:01:18 MDT 2019
# Start of session at: Tue Mar 10 13:38:38 2020
# Process ID: 20628
# Current directory: C:/Users/Ben/Documents/GitHub/EC311/Lab_1_Full_Adder/full_adder_old_vivado
# Command line: vivado.exe -gui_launcher_event rodinguilauncherevent10784 C:\Users\Ben\Documents\GitHub\EC311\Lab_1_Full_Adder\full_adder_old_vivado\full_adder_old_vivado.xpr
# Log file: C:/Users/Ben/Documents/GitHub/EC311/Lab_1_Full_Adder/full_adder_old_vivado/vivado.log
# Journal file: C:/Users/Ben/Documents/GitHub/EC311/Lab_1_Full_Adder/full_adder_old_vivado\vivado.jou
#-----------------------------------------------------------
start_gui
open_project C:/Users/Ben/Documents/GitHub/EC311/Lab_1_Full_Adder/full_adder_old_vivado/full_adder_old_vivado.xpr
update_compile_order -fileset sources_1
synth_design -rtl -name rtl_1
launch_simulation
source four_bit_add_sub_testbench.tcl
close_sim
launch_simulation
source four_bit_add_sub_testbench.tcl
close_sim
